[    0.000000] Linux version 4.15.0-202-generic (buildd@lcy02-amd64-115) (gcc version 7.5.0 (Ubuntu 7.5.0-3ubuntu1~18.04)) #213-Ubuntu SMP Thu Jan 5 19:19:12 UTC 2023 (Ubuntu 4.15.0-202.213-generic 4.15.18)
[    0.000000] Command line: BOOT_IMAGE=/boot/vmlinuz-4.15.0-202-generic root=LABEL=cloudimg-rootfs ro console=tty1 console=ttyS0
[    0.000000] KERNEL supported cpus:
[    0.000000]   Intel GenuineIntel
[    0.000000]   AMD AuthenticAMD
[    0.000000]   Centaur CentaurHauls
[    0.000000] x86/fpu: Supporting XSAVE feature 0x001: 'x87 floating point registers'
[    0.000000] x86/fpu: Supporting XSAVE feature 0x002: 'SSE registers'
[    0.000000] x86/fpu: Supporting XSAVE feature 0x004: 'AVX registers'
[    0.000000] x86/fpu: xstate_offset[2]:  576, xstate_sizes[2]:  256
[    0.000000] x86/fpu: Enabled xstate features 0x7, context size is 832 bytes, using 'standard' format.
[    0.000000] e820: BIOS-provided physical RAM map:
[    0.000000] BIOS-e820: [mem 0x0000000000000000-0x000000000009fbff] usable
[    0.000000] BIOS-e820: [mem 0x000000000009fc00-0x000000000009ffff] reserved
[    0.000000] BIOS-e820: [mem 0x00000000000f0000-0x00000000000fffff] reserved
[    0.000000] BIOS-e820: [mem 0x0000000000100000-0x000000003ffeffff] usable
[    0.000000] BIOS-e820: [mem 0x000000003fff0000-0x000000003fffffff] ACPI data
[    0.000000] BIOS-e820: [mem 0x00000000fec00000-0x00000000fec00fff] reserved
[    0.000000] BIOS-e820: [mem 0x00000000fee00000-0x00000000fee00fff] reserved
[    0.000000] BIOS-e820: [mem 0x00000000fffc0000-0x00000000ffffffff] reserved
[    0.000000] NX (Execute Disable) protection: active
[    0.000000] SMBIOS 2.5 present.
[    0.000000] DMI: innotek GmbH VirtualBox/VirtualBox, BIOS VirtualBox 12/01/2006
[    0.000000] Hypervisor detected: KVM
[    0.000000] e820: last_pfn = 0x3fff0 max_arch_pfn = 0x400000000
[    0.000000] MTRR: Disabled
[    0.000000] x86/PAT: MTRRs disabled, skipping PAT initialization too.
[    0.000000] CPU MTRRs all blank - virtualized system.
[    0.000000] x86/PAT: Configuration [0-7]: WB  WT  UC- UC  WB  WT  UC- UC  
[    0.000000] found SMP MP-table at [mem 0x0009fff0-0x0009ffff]
[    0.000000] Scanning 1 areas for low memory corruption
[    0.000000] RAMDISK: [mem 0x359c9000-0x36cdbfff]
[    0.000000] ACPI: Early table checksum verification disabled
[    0.000000] ACPI: RSDP 0x00000000000E0000 000024 (v02 VBOX  )
[    0.000000] ACPI: XSDT 0x000000003FFF0030 00003C (v01 VBOX   VBOXXSDT 00000001 ASL  00000061)
[    0.000000] ACPI: FACP 0x000000003FFF00F0 0000F4 (v04 VBOX   VBOXFACP 00000001 ASL  00000061)
[    0.000000] ACPI: DSDT 0x000000003FFF0610 002353 (v02 VBOX   VBOXBIOS 00000002 INTL 20200925)
[    0.000000] ACPI: FACS 0x000000003FFF0200 000040
[    0.000000] ACPI: FACS 0x000000003FFF0200 000040
[    0.000000] ACPI: APIC 0x000000003FFF0240 000054 (v02 VBOX   VBOXAPIC 00000001 ASL  00000061)
[    0.000000] ACPI: SSDT 0x000000003FFF02A0 00036C (v01 VBOX   VBOXCPUT 00000002 INTL 20200925)
[    0.000000] ACPI: Reserving FACP table memory at [mem 0x3fff00f0-0x3fff01e3]
[    0.000000] ACPI: Reserving DSDT table memory at [mem 0x3fff0610-0x3fff2962]
[    0.000000] ACPI: Reserving FACS table memory at [mem 0x3fff0200-0x3fff023f]
[    0.000000] ACPI: Reserving FACS table memory at [mem 0x3fff0200-0x3fff023f]
[    0.000000] ACPI: Reserving APIC table memory at [mem 0x3fff0240-0x3fff0293]
[    0.000000] ACPI: Reserving SSDT table memory at [mem 0x3fff02a0-0x3fff060b]
[    0.000000] No NUMA configuration found
[    0.000000] Faking a node at [mem 0x0000000000000000-0x000000003ffeffff]
[    0.000000] NODE_DATA(0) allocated [mem 0x3ffc5000-0x3ffeffff]
[    0.000000] kvm-clock: cpu 0, msr 0:3ff44001, primary cpu clock
[    0.000000] kvm-clock: Using msrs 4b564d01 and 4b564d00
[    0.000000] kvm-clock: using sched offset of 3361906561 cycles
[    0.000000] clocksource: kvm-clock: mask: 0xffffffffffffffff max_cycles: 0x1cd42e4dffb, max_idle_ns: 881590591483 ns
[    0.000000] Zone ranges:
[    0.000000]   DMA      [mem 0x0000000000001000-0x0000000000ffffff]
[    0.000000]   DMA32    [mem 0x0000000001000000-0x000000003ffeffff]
[    0.000000]   Normal   empty
[    0.000000]   Device   empty
[    0.000000] Movable zone start for each node
[    0.000000] Early memory node ranges
[    0.000000]   node   0: [mem 0x0000000000001000-0x000000000009efff]
[    0.000000]   node   0: [mem 0x0000000000100000-0x000000003ffeffff]
[    0.000000] Reserved but unavailable: 104 pages
[    0.000000] Initmem setup node 0 [mem 0x0000000000001000-0x000000003ffeffff]
[    0.000000] ACPI: PM-Timer IO Port: 0x4008
[    0.000000] IOAPIC[0]: apic_id 1, version 32, address 0xfec00000, GSI 0-23
[    0.000000] ACPI: INT_SRC_OVR (bus 0 bus_irq 0 global_irq 2 dfl dfl)
[    0.000000] ACPI: INT_SRC_OVR (bus 0 bus_irq 9 global_irq 9 low level)
[    0.000000] Using ACPI (MADT) for SMP configuration information
[    0.000000] smpboot: Allowing 1 CPUs, 0 hotplug CPUs
[    0.000000] PM: Registered nosave memory: [mem 0x00000000-0x00000fff]
[    0.000000] PM: Registered nosave memory: [mem 0x0009f000-0x0009ffff]
[    0.000000] PM: Registered nosave memory: [mem 0x000a0000-0x000effff]
[    0.000000] PM: Registered nosave memory: [mem 0x000f0000-0x000fffff]
[    0.000000] e820: [mem 0x40000000-0xfebfffff] available for PCI devices
[    0.000000] Booting paravirtualized kernel on KVM
[    0.000000] clocksource: refined-jiffies: mask: 0xffffffff max_cycles: 0xffffffff, max_idle_ns: 7645519600211568 ns
[    0.000000] setup_percpu: NR_CPUS:8192 nr_cpumask_bits:1 nr_cpu_ids:1 nr_node_ids:1
[    0.000000] percpu: Embedded 50 pages/cpu s167936 r8192 d28672 u2097152
[    0.000000] PV qspinlock hash table entries: 256 (order: 0, 4096 bytes)
[    0.000000] Built 1 zonelists, mobility grouping on.  Total pages: 257913
[    0.000000] Policy zone: DMA32
[    0.000000] Kernel command line: BOOT_IMAGE=/boot/vmlinuz-4.15.0-202-generic root=LABEL=cloudimg-rootfs ro console=tty1 console=ttyS0
[    0.000000] Memory: 982848K/1048120K available (12300K kernel code, 2477K rwdata, 4320K rodata, 2472K init, 2720K bss, 65272K reserved, 0K cma-reserved)
[    0.000000] SLUB: HWalign=64, Order=0-3, MinObjects=0, CPUs=1, Nodes=1
[    0.000000] Kernel/User page tables isolation: enabled
[    0.000000] ftrace: allocating 39478 entries in 155 pages
[    0.004000] Hierarchical RCU implementation.
[    0.004000] 	RCU restricting CPUs from NR_CPUS=8192 to nr_cpu_ids=1.
[    0.004000] 	Tasks RCU enabled.
[    0.004000] RCU: Adjusting geometry for rcu_fanout_leaf=16, nr_cpu_ids=1
[    0.004000] NR_IRQS: 524544, nr_irqs: 256, preallocated irqs: 16
[    0.004000] random: crng init done
[    0.004000] Console: colour VGA+ 80x25
[    0.004000] console [tty1] enabled
[    0.004000] console [ttyS0] enabled
[    0.004000] ACPI: Core revision 20170831
[    0.004000] ACPI: 2 ACPI AML tables successfully acquired and loaded
[    0.004000] APIC: Switch to symmetric I/O mode setup
[    0.004000] x2apic enabled
[    0.004000] Switched APIC routing to physical x2apic.
[    0.004000] ..TIMER: vector=0x30 apic1=0 pin1=2 apic2=-1 pin2=-1
[    0.004005] tsc: Detected 2612.538 MHz processor
[    0.005270] Calibrating delay loop (skipped) preset value.. 5225.07 BogoMIPS (lpj=10450152)
[    0.008002] pid_max: default: 32768 minimum: 301
[    0.009138] Security Framework initialized
[    0.010513] Yama: becoming mindful.
[    0.012026] AppArmor: AppArmor initialized
[    0.016092] Dentry cache hash table entries: 131072 (order: 8, 1048576 bytes)
[    0.020157] Inode-cache hash table entries: 65536 (order: 7, 524288 bytes)
[    0.022132] Mount-cache hash table entries: 2048 (order: 2, 16384 bytes)
[    0.024004] Mountpoint-cache hash table entries: 2048 (order: 2, 16384 bytes)
[    0.026272] process: using mwait in idle threads
[    0.028007] Last level iTLB entries: 4KB 0, 2MB 0, 4MB 0
[    0.029556] Last level dTLB entries: 4KB 0, 2MB 0, 4MB 0, 1GB 0
[    0.032004] Spectre V1 : Mitigation: usercopy/swapgs barriers and __user pointer sanitization
[    0.033513] Spectre V2 : Mitigation: Retpolines
[    0.034376] Spectre V2 : Spectre v2 / SpectreRSB mitigation: Filling RSB on context switch
[    0.036001] Speculative Store Bypass: Vulnerable
[    0.037625] MDS: Mitigation: Clear CPU buffers
[    0.064505] Freeing SMP alternatives memory: 36K
[    0.177250] smpboot: CPU0: 12th Gen Intel(R) Core(TM) i7-1255U (family: 0x6, model: 0x9a, stepping: 0x4)
[    0.180000] Performance Events: unsupported p6 CPU model 154 no PMU driver, software events only.
[    0.180041] Hierarchical SRCU implementation.
[    0.181477] NMI watchdog: Perf event create on CPU 0 failed with -2
[    0.184002] NMI watchdog: Perf NMI watchdog permanently disabled
[    0.185493] smp: Bringing up secondary CPUs ...
[    0.188003] smp: Brought up 1 node, 1 CPU
[    0.189142] smpboot: Max logical packages: 1
[    0.190231] smpboot: Total of 1 processors activated (5225.07 BogoMIPS)
[    0.192126] devtmpfs: initialized
[    0.193181] x86/mm: Memory block size: 128MB
[    0.194515] evm: security.selinux
[    0.195591] evm: security.SMACK64
[    0.196015] evm: security.SMACK64EXEC
[    0.197299] evm: security.SMACK64TRANSMUTE
[    0.198643] evm: security.SMACK64MMAP
[    0.200002] evm: security.apparmor
[    0.201014] evm: security.ima
[    0.201761] evm: security.capability
[    0.202688] clocksource: jiffies: mask: 0xffffffff max_cycles: 0xffffffff, max_idle_ns: 7645041785100000 ns
[    0.204008] futex hash table entries: 256 (order: 2, 16384 bytes)
[    0.206070] pinctrl core: initialized pinctrl subsystem
[    0.208091] RTC time:  5:22:31, date: 01/30/23
[    0.209200] NET: Registered protocol family 16
[    0.212058] audit: initializing netlink subsys (disabled)
[    0.213249] cpuidle: using governor ladder
[    0.214080] cpuidle: using governor menu
[    0.214892] ACPI: bus type PCI registered
[    0.216003] acpiphp: ACPI Hot Plug PCI Controller Driver version: 0.5
[    0.217386] PCI: Using configuration type 1 for base access
[    0.218479] audit: type=2000 audit(1675056156.484:1): state=initialized audit_enabled=0 res=1
[    0.220842] HugeTLB registered 2.00 MiB page size, pre-allocated 0 pages
[    0.224158] ACPI: Added _OSI(Module Device)
[    0.225380] ACPI: Added _OSI(Processor Device)
[    0.226502] ACPI: Added _OSI(3.0 _SCP Extensions)
[    0.228004] ACPI: Added _OSI(Processor Aggregator Device)
[    0.229358] ACPI: Added _OSI(Linux-Dell-Video)
[    0.230765] ACPI: Added _OSI(Linux-Lenovo-NV-HDMI-Audio)
[    0.232011] ACPI: Added _OSI(Linux-HPI-Hybrid-Graphics)
[    0.233621] ACPI: Executed 1 blocks of module-level executable AML code
[    0.237756] ACPI: Interpreter enabled
[    0.238519] ACPI: (supports S0 S5)
[    0.239138] ACPI: Using IOAPIC for interrupt routing
[    0.240091] PCI: Using host bridge windows from ACPI; if necessary, use "pci=nocrs" and report a bug
[    0.241909] ACPI: Enabled 2 GPEs in block 00 to 07
[    0.246423] ACPI: PCI Root Bridge [PCI0] (domain 0000 [bus 00-ff])
[    0.247433] acpi PNP0A03:00: _OSC: OS supports [ASPM ClockPM Segments MSI]
[    0.248314] acpi PNP0A03:00: _OSC: not requesting OS control; OS requires [ExtendedConfig ASPM ClockPM MSI]
[    0.249832] acpi PNP0A03:00: fail to add MMCONFIG information, can't access extended PCI configuration space under this bridge.
[    0.252187] PCI host bridge to bus 0000:00
[    0.253030] pci_bus 0000:00: root bus resource [io  0x0000-0x0cf7 window]
[    0.254060] pci_bus 0000:00: root bus resource [io  0x0d00-0xffff window]
[    0.255123] pci_bus 0000:00: root bus resource [mem 0x000a0000-0x000bffff window]
[    0.256001] pci_bus 0000:00: root bus resource [mem 0x40000000-0xfdffffff window]
[    0.258415] pci_bus 0000:00: root bus resource [bus 00-ff]
[    0.262145] pci 0000:00:01.1: legacy IDE quirk: reg 0x10: [io  0x01f0-0x01f7]
[    0.264003] pci 0000:00:01.1: legacy IDE quirk: reg 0x14: [io  0x03f6]
[    0.265654] pci 0000:00:01.1: legacy IDE quirk: reg 0x18: [io  0x0170-0x0177]
[    0.268001] pci 0000:00:01.1: legacy IDE quirk: reg 0x1c: [io  0x0376]
[    0.281496] pci 0000:00:07.0: quirk: [io  0x4000-0x403f] claimed by PIIX4 ACPI
[    0.283468] pci 0000:00:07.0: quirk: [io  0x4100-0x410f] claimed by PIIX4 SMB
[    0.291865] ACPI: PCI Interrupt Link [LNKA] (IRQs 5 9 10 *11)
[    0.292355] ACPI: PCI Interrupt Link [LNKB] (IRQs 5 9 *10 11)
[    0.293777] ACPI: PCI Interrupt Link [LNKC] (IRQs 5 *9 10 11)
[    0.296083] ACPI: PCI Interrupt Link [LNKD] (IRQs 5 9 10 *11)
[    0.297658] SCSI subsystem initialized
[    0.298650] pci 0000:00:02.0: vgaarb: setting as boot VGA device
[    0.299984] pci 0000:00:02.0: vgaarb: VGA device added: decodes=io+mem,owns=io+mem,locks=none
[    0.300003] pci 0000:00:02.0: vgaarb: bridge control possible
[    0.301420] vgaarb: loaded
[    0.304027] ACPI: bus type USB registered
[    0.304996] usbcore: registered new interface driver usbfs
[    0.306262] usbcore: registered new interface driver hub
[    0.307474] usbcore: registered new device driver usb
[    0.308043] EDAC MC: Ver: 3.0.0
[    0.308933] PCI: Using ACPI for IRQ routing
[    0.310048] NetLabel: Initializing
[    0.310719] NetLabel:  domain hash size = 128
[    0.311519] NetLabel:  protocols = UNLABELED CIPSOv4 CALIPSO
[    0.312027] NetLabel:  unlabeled traffic allowed by default
[    0.313136] clocksource: Switched to clocksource kvm-clock
[    0.334986] VFS: Disk quotas dquot_6.6.0
[    0.336101] VFS: Dquot-cache hash table entries: 512 (order 0, 4096 bytes)
[    0.337595] AppArmor: AppArmor Filesystem Enabled
[    0.338636] pnp: PnP ACPI init
[    0.340053] pnp: PnP ACPI: found 3 devices
[    0.346106] clocksource: acpi_pm: mask: 0xffffff max_cycles: 0xffffff, max_idle_ns: 2085701024 ns
[    0.348117] NET: Registered protocol family 2
[    0.349108] IP idents hash table entries: 16384 (order: 5, 131072 bytes)
[    0.350659] TCP established hash table entries: 8192 (order: 4, 65536 bytes)
[    0.352085] TCP bind hash table entries: 8192 (order: 5, 131072 bytes)
[    0.354728] TCP: Hash tables configured (established 8192 bind 8192)
[    0.356196] UDP hash table entries: 512 (order: 2, 16384 bytes)
[    0.357459] UDP-Lite hash table entries: 512 (order: 2, 16384 bytes)
[    0.358879] NET: Registered protocol family 1
[    0.359846] pci 0000:00:00.0: Limiting direct PCI/PCI transfers
[    0.361123] pci 0000:00:01.0: Activating ISA DMA hang workarounds
[    0.362531] pci 0000:00:02.0: Video device with shadowed ROM at [mem 0x000c0000-0x000dffff]
[    0.364364] Unpacking initramfs...
[    0.730986] Freeing initrd memory: 19532K
[    0.739893] clocksource: tsc: mask: 0xffffffffffffffff max_cycles: 0x25a88097168, max_idle_ns: 440795309127 ns
[    0.742445] platform rtc_cmos: registered platform RTC device (no PNP device found)
[    0.745172] Scanning for low memory corruption every 60 seconds
[    0.747331] Initialise system trusted keyrings
[    0.749170] Key type blacklist registered
[    0.750657] workingset: timestamp_bits=36 max_order=18 bucket_order=0
[    0.753453] zbud: loaded
[    0.755084] squashfs: version 4.0 (2009/01/31) Phillip Lougher
[    0.757232] fuse init (API version 7.26)
[    0.759271] Key type asymmetric registered
[    0.760722] Asymmetric key parser 'x509' registered
[    0.762537] Block layer SCSI generic (bsg) driver version 0.4 loaded (major 246)
[    0.764103] io scheduler noop registered
[    0.764923] io scheduler deadline registered
[    0.765748] io scheduler cfq registered (default)
[    0.766904] ACPI: AC Adapter [AC] (on-line)
[    0.767819] input: Power Button as /devices/LNXSYSTM:00/LNXPWRBN:00/input/input0
[    0.769531] ACPI: Power Button [PWRF]
[    0.770467] input: Sleep Button as /devices/LNXSYSTM:00/LNXSLPBN:00/input/input1
[    0.771966] ACPI: Sleep Button [SLPF]
[    0.773442] ACPI: Battery Slot [BAT0] (battery present)
[    0.774674] Serial: 8250/16550 driver, 32 ports, IRQ sharing enabled
[    0.796905] 00:02: ttyS0 at I/O 0x3f8 (irq = 4, base_baud = 115200) is a 16550A
[    0.799122] Linux agpgart interface v0.103
[    0.800564] loop: module loaded
[    0.801579] scsi host0: ata_piix
[    0.802301] scsi host1: ata_piix
[    0.803045] ata1: PATA max UDMA/33 cmd 0x1f0 ctl 0x3f6 bmdma 0xd000 irq 14
[    0.804077] ata2: PATA max UDMA/33 cmd 0x170 ctl 0x376 bmdma 0xd008 irq 15
[    0.805904] tun: Universal TUN/TAP device driver, 1.6
[    0.806920] PPP generic driver version 2.4.2
[    0.807798] ehci_hcd: USB 2.0 'Enhanced' Host Controller (EHCI) Driver
[    0.809028] ehci-pci: EHCI PCI platform driver
[    0.809917] ehci-platform: EHCI generic platform driver
[    0.811129] ohci_hcd: USB 1.1 'Open' Host Controller (OHCI) Driver
[    0.812483] ohci-pci: OHCI PCI platform driver
[    0.813536] ohci-platform: OHCI generic platform driver
[    0.814840] uhci_hcd: USB Universal Host Controller Interface driver
[    0.816312] i8042: PNP: PS/2 Controller [PNP0303:PS2K,PNP0f03:PS2M] at 0x60,0x64 irq 1,12
[    0.818776] serio: i8042 KBD port at 0x60,0x64 irq 1
[    0.819962] serio: i8042 AUX port at 0x60,0x64 irq 12
[    0.821190] mousedev: PS/2 mouse device common for all mice
[    0.822526] input: AT Translated Set 2 keyboard as /devices/platform/i8042/serio0/input/input2
[    0.824236] rtc_cmos rtc_cmos: rtc core: registered rtc_cmos as rtc0
[    0.825388] rtc_cmos rtc_cmos: alarms up to one day, 114 bytes nvram
[    0.826590] i2c /dev entries driver
[    0.827468] device-mapper: uevent: version 1.0.3
[    0.828482] device-mapper: ioctl: 4.37.0-ioctl (2017-09-20) initialised: dm-devel@redhat.com
[    0.830257] ledtrig-cpu: registered to indicate activity on CPUs
[    0.831705] NET: Registered protocol family 10
[    0.835511] Segment Routing with IPv6
[    0.836703] NET: Registered protocol family 17
[    0.837990] Key type dns_resolver registered
[    0.839311] mce: Using 0 MCE banks
[    0.840329] RAS: Correctable Errors collector initialized.
[    0.841842] sched_clock: Marking stable (841823596, 0)->(1047349289, -205525693)
[    0.843920] registered taskstats version 1
[    0.844882] Loading compiled-in X.509 certificates
[    0.847770] Loaded X.509 cert 'Build time autogenerated kernel key: f114f3958ed3c37ba1924ca66ae8368f3c35b0e4'
[    0.850808] Loaded X.509 cert 'Canonical Ltd. Live Patch Signing: 14df34d1a87cf37625abec039ef2bf521249b969'
[    0.853620] Loaded X.509 cert 'Canonical Ltd. Kernel Module Signing: 88f752e560a1e0737e31163a466ad7b70a850c19'
[    0.856008] blacklist: Loading compiled-in revocation X.509 certificates
[    0.857467] Loaded X.509 cert 'Canonical Ltd. Secure Boot Signing: 61482aa2830d0ab2ad5af10b7250da9033ddcef0'
[    0.859266] zswap: loaded using pool lzo/zbud
[    0.862028] Key type big_key registered
[    0.862808] Key type trusted registered
[    0.864624] Key type encrypted registered
[    0.865462] AppArmor: AppArmor sha1 policy hashing enabled
[    0.867179] ima: No TPM chip found, activating TPM-bypass! (rc=-19)
[    0.868906] ima: Allocated hash algorithm: sha1
[    0.870575] evm: HMAC attrs: 0x1
[    0.871672]   Magic number: 7:574:366
[    0.872840] rtc_cmos rtc_cmos: setting system clock to 2023-01-30 05:22:32 UTC (1675056152)
[    0.875626] BIOS EDD facility v0.16 2004-Jun-25, 0 devices found
[    0.877138] EDD information not available.
[    0.990778] Freeing unused kernel image memory: 2472K
[    1.000201] Write protecting the kernel read-only data: 20480k
[    1.001874] Freeing unused kernel image memory: 2008K
[    1.003422] Freeing unused kernel image memory: 1824K
[    1.008770] x86/mm: Checked W+X mappings: passed, no W+X pages found.
[    1.009978] x86/mm: Checking user space page tables
[    1.015442] x86/mm: Checked W+X mappings: passed, no W+X pages found.
Loading, please wait...
starting version 237
[    1.120568] e1000: Intel(R) PRO/1000 Network Driver - version 7.3.21-k8-NAPI
[    1.122471] e1000: Copyright (c) 1999-2006 Intel Corporation.
[    1.126649] Fusion MPT base driver 3.04.20
[    1.127599] Copyright (c) 1999-2008 LSI Corporation
[    1.138836] Fusion MPT SPI Host driver 3.04.20
[    1.152038] AVX2 version of gcm_enc/dec engaged.
[    1.153277] AES CTR mode by8 optimization enabled
[    1.339044] input: ImExPS/2 Generic Explorer Mouse as /devices/platform/i8042/serio1/input/input4
[    1.537433] e1000 0000:00:03.0 eth0: (PCI:33MHz:32-bit) 02:0c:5d:76:46:7f
[    1.539018] e1000 0000:00:03.0 eth0: Intel(R) PRO/1000 Network Connection
[    1.540912] mptbase: ioc0: Initiating bringup
[    1.649198] ioc0: LSI53C1030 A0: Capabilities={Initiator}
[    1.896834] scsi host2: ioc0: LSI53C1030 A0, FwRev=00000000h, Ports=1, MaxQ=256, IRQ=20
[    2.068896] scsi 2:0:0:0: Direct-Access     VBOX     HARDDISK         1.0  PQ: 0 ANSI: 5
[    2.071688] scsi target2:0:0: Beginning Domain Validation
[    2.078273] scsi target2:0:0: Domain Validation skipping write tests
[    2.080239] scsi target2:0:0: Ending Domain Validation
[    2.081897] scsi target2:0:0: asynchronous
[    2.083303] scsi 2:0:1:0: Direct-Access     VBOX     HARDDISK         1.0  PQ: 0 ANSI: 5
[    2.084910] scsi target2:0:1: Beginning Domain Validation
[    2.086828] scsi target2:0:1: Domain Validation skipping write tests
[    2.088060] scsi target2:0:1: Ending Domain Validation
[    2.089042] scsi target2:0:1: asynchronous
[    2.092388] sd 2:0:0:0: [sda] 83886080 512-byte logical blocks: (42.9 GB/40.0 GiB)
[    2.093796] sd 2:0:0:0: Attached scsi generic sg0 type 0
[    2.094794] sd 2:0:0:0: [sda] Write Protect is off
[    2.095822] sd 2:0:0:0: [sda] Incomplete mode parameter data
[    2.096842] sd 2:0:0:0: [sda] Assuming drive cache: write through
[    2.099202] sd 2:0:1:0: [sdb] 20480 512-byte logical blocks: (10.5 MB/10.0 MiB)
[    2.101065] sd 2:0:1:0: [sdb] Write Protect is off
[    2.102375] sd 2:0:1:0: [sdb] Incomplete mode parameter data
[    2.103439] sd 2:0:1:0: [sdb] Assuming drive cache: write through
[    2.104545]  sda: sda1
[    2.105230] sd 2:0:1:0: Attached scsi generic sg1 type 0
[    2.106855] sd 2:0:0:0: [sda] Attached SCSI disk
[    2.130531] sd 2:0:1:0: [sdb] Attached SCSI disk
[    2.456640] e1000 0000:00:08.0 eth1: (PCI:33MHz:32-bit) 08:00:27:e4:93:54
[    2.461129] e1000 0000:00:08.0 eth1: Intel(R) PRO/1000 Network Connection
[    2.467689] e1000 0000:00:08.0 enp0s8: renamed from eth1
[    2.483159] e1000 0000:00:03.0 enp0s3: renamed from eth0
Begin: Loading essential drivers ... [    3.948434] raid6: sse2x1   gen() 12835 MB/s
[    4.012286] raid6: sse2x1   xor() 10335 MB/s
[    4.080050] raid6: sse2x2   gen() 18681 MB/s
[    4.141227] raid6: sse2x2   xor() 10039 MB/s
[    4.207412] raid6: sse2x4   gen() 19135 MB/s
[    4.273332] raid6: sse2x4   xor() 10963 MB/s
[    4.332236] raid6: avx2x1   gen() 19580 MB/s
[    4.395865] raid6: avx2x1   xor() 22031 MB/s
[    4.447831] raid6: avx2x2   gen() 26674 MB/s
[    4.507140] raid6: avx2x2   xor() 29519 MB/s
[    4.571224] raid6: avx2x4   gen() 28344 MB/s
[    4.632071] raid6: avx2x4   xor() 10606 MB/s
[    4.633643] raid6: using algorithm avx2x4 gen() 28344 MB/s
[    4.634925] raid6: .... xor() 10606 MB/s, rmw enabled
[    4.636045] raid6: using avx2x2 recovery algorithm
[    4.639379] xor: automatically using best checksumming function   avx       
[    4.644765] async_tx: api initialized (async)
done.
Begin: Running /scripts/init-premount ... done.
Begin: Mounting root file system ... Begin: Running /scripts/local-top ... done.
Begin: Running /scripts/local-premount ... [    4.719148] Btrfs loaded, crc32c=crc32c-intel
Scanning for Btrfs filesystems
done.
Warning: fsck not present, so skipping root file system
[    4.796380] EXT4-fs (sda1): mounted filesystem with ordered data mode. Opts: (null)
done.
Begin: Running /scripts/local-bottom ... done.
Begin: Running /scripts/init-bottom ... done.
[    5.008534] ip_tables: (C) 2000-2006 Netfilter Core Team
[    5.022331] systemd[1]: systemd 237 running in system mode. (+PAM +AUDIT +SELINUX +IMA +APPARMOR +SMACK +SYSVINIT +UTMP +LIBCRYPTSETUP +GCRYPT +GNUTLS +ACL +XZ +LZ4 +SECCOMP +BLKID +ELFUTILS +KMOD -IDN2 +IDN -PCRE2 default-hierarchy=hybrid)
[    5.033823] systemd[1]: Detected virtualization oracle.
[    5.036152] systemd[1]: Detected architecture x86-64.

Welcome to [1mUbuntu 18.04.6 LTS[0m!

[    5.042207] systemd[1]: Set hostname to <ubuntu>.
[    5.046057] systemd[1]: Initializing machine ID from random generator.
[    5.048276] systemd[1]: Installed transient /etc/machine-id file.
[    5.272091] systemd[1]: Reached target User and Group Name Lookups.
[[0;32m  OK  [0m] Reached target User and Group Name Lookups.
[    5.277655] systemd[1]: Reached target System Time Synchronized.
[[0;32m  OK  [0m] Reached target System Time Synchronized.
[    5.282207] systemd[1]: Reached target Swap.
[[0;32m  OK  [0m] Reached target Swap.
[    5.288545] systemd[1]: Created slice User and Session Slice.
[[0;32m  OK  [0m] Created slice User and Session Slice.
[[0;32m  OK  [0m] Created slice System Slice.
[[0;32m  OK  [0m] Created slice system-serial\x2dgetty.slice.
[[0;32m  OK  [0m] Listening on udev Control Socket.
[[0;32m  OK  [0m] Listening on Syslog Socket.
[[0;32m  OK  [0m] Listening on Journal Audit Socket.
[[0;32m  OK  [0m] Listening on fsck to fsckd communication Socket.
[[0;32m  OK  [0m] Listening on udev Kernel Socket.
[[0;32m  OK  [0m] Listening on LVM2 metadata daemon socket.
[[0;32m  OK  [0m] Listening on Journal Socket (/dev/log).
[[0;32m  OK  [0m] Listening on LVM2 poll daemon socket.
[[0;32m  OK  [0m] Listening on Device-mapper event daemon FIFOs.
[[0;32m  OK  [0m] Started Forward Password Requests to Wall Directory Watch.
[[0;32m  OK  [0m] Set up automount Arbitrary Executabâ€¦rmats File System Automount Point.
[[0;32m  OK  [0m] Listening on Network Service Netlink Socket.
[[0;32m  OK  [0m] Listening on /dev/initctl Compatibility Named Pipe.
[[0;32m  OK  [0m] Listening on Journal Socket.
         Starting Uncomplicated firewall...
         Starting udev Coldplug all Devices...
         Mounting POSIX Message Queue File System...
         Starting Load Kernel Modules...
         Starting Create list of required stâ€¦ce nodes for the current kernel...
         Starting Journal Service...
         Starting Set the console keyboard layout...
         Starting File System Check on Root Device...
         Mounting Huge Pages File System...
         Starting Monitoring of LVM2 mirrorsâ€¦ng dmeventd or progress polling...
         Mounting Kernel Debug File System...
[[0;32m  OK  [0m] Reached target Slices.
[    5.364612] Loading iSCSI transport class v2.0-870.
[[0;32m  OK  [0m] Started Uncomplicated firewall.
[[0;32m  OK  [0m] Mounted POSIX Message Queue File System.
[[0;32m  OK  [0m] Started Create list of required staâ€¦vice nodes for the current kernel.
[[0;32m  OK  [0m] Mounted Huge Pages File System.
[[0;32m  OK  [0m] Mounted Kernel Debug File System.
         Starting Create Static Device Nodes in /dev...
[[0;32m  OK  [0m] Started File System Check Daemon to report status.
[[0;32m  OK  [0m] Started udev Coldplug all Devices.
[[0;32m  OK  [0m] Started Journal Service.
[[0;32m  OK  [0m] Started LVM2 metadata daemon.
[[0;32m  OK  [0m] Started File System Check on Root Device.
         Starting Remount Root and Kernel File Systems...
[    5.454466] iscsi: registered transport (tcp)
[    5.472403] iscsi: registered transport (iser)
[[0;32m  OK  [0m] Started Load Kernel Modules.
         Mounting Kernel Configuration File System...
         Starting Apply Kernel Variables...
         Mounting FUSE Control File System...
[[0;32m  OK  [0m] Mounted Kernel Configuration File System.
[[0;32m  OK  [0m] Mounted FUSE Control File System.
[[0;32m  OK  [0m] Started Create Static Device Nodes in /dev.
[[0;32m  OK  [0m] Started Remount Root and Kernel File Systems.
         Starting udev Kernel Device Manager...
         Starting Flush Journal to Persistent Storage...
         Starting Load/Save Random Seed...
[[0;32m  OK  [0m] Started Apply Kernel Variables.
[[0;32m  OK  [0m] Started Monitoring of LVM2 mirrors,â€¦sing dmeventd or progress polling.
[[0;32m  OK  [0m] Started udev Kernel Device Manager.
[[0;32m  OK  [0m] Started Load/Save Random Seed.
[[0;32m  OK  [0m] Started Flush Journal to Persistent Storage.
[[0;32m  OK  [0m] Started Set the console keyboard layout.
[[0;32m  OK  [0m] Reached target Local File Systems (Pre).
[[0;32m  OK  [0m] Reached target Local File Systems.
         Starting ebtables ruleset management...
         Starting AppArmor initialization...
         Starting Create Volatile Files and Directories...
         Starting Commit a transient machine-id on disk...
         Starting Tell Plymouth To Write Out Runtime Data...
         Starting Set console font and keymap...
[[0;32m  OK  [0m] Started Dispatch Password Requests to Console Directory Watch.
[[0;32m  OK  [0m] Reached target Local Encrypted Volumes.
[[0;32m  OK  [0m] Started Tell Plymouth To Write Out Runtime Data.
[[0;32m  OK  [0m] Started Commit a transient machine-id on disk.
[[0;32m  OK  [0m] Started Set console font and keymap.
[[0;32m  OK  [0m] Started Create Volatile Files and Directories.
         Starting Update UTMP about System Boot/Shutdown...
[[0;32m  OK  [0m] Started Update UTMP about System Boot/Shutdown.
[[0;32m  OK  [0m] Started ebtables ruleset management.
[[0;32m  OK  [0m] Found device /dev/ttyS0.
[[0;32m  OK  [0m] Listening on Load/Save RF Kill Switch Status /dev/rfkill Watch.
         Mounting Arbitrary Executable File Formats File System...
[[0;32m  OK  [0m] Mounted Arbitrary Executable File Formats File System.
[[0;32m  OK  [0m] Started AppArmor initialization.
         Starting Load AppArmor profiles managed internally by snapd...
         Starting Initial cloud-init job (pre-networking)...
[[0;32m  OK  [0m] Started Load AppArmor profiles managed internally by snapd.
[    8.573756] cloud-init[567]: Cloud-init v. 22.4.2-0ubuntu0~18.04.1 running 'init-local' at Mon, 30 Jan 2023 05:22:39 +0000. Up 8.19 seconds.
[[0;32m  OK  [0m] Started Initial cloud-init job (pre-networking).
[[0;32m  OK  [0m] Reached target Network (Pre).
         Starting Network Service...
[[0;32m  OK  [0m] Started Network Service.
         Starting Network Name Resolution...
         Starting Wait for Network to be Configured...
[[0;32m  OK  [0m] Started Network Name Resolution.
[[0;32m  OK  [0m] Reached target Network.
[[0;32m  OK  [0m] Reached target Host and Network Name Lookups.
[[0;32m  OK  [0m] Started Wait for Network to be Configured.
         Starting Initial cloud-init job (metadata service crawler)...
[   11.038913] cloud-init[656]: Cloud-init v. 22.4.2-0ubuntu0~18.04.1 running 'init' at Mon, 30 Jan 2023 05:22:42 +0000. Up 10.91 seconds.
[   11.040262] cloud-init[656]: ci-info: ++++++++++++++++++++++++++++++++++++++Net device info++++++++++++++++++++++++++++++++++++++
[   11.041606] cloud-init[656]: ci-info: +--------+-------+---------------------------+---------------+--------+-------------------+
[   11.047094] cloud-init[656]: ci-info: | Device |   Up  |          Address          |      Mask     | Scope  |     Hw-Address    |
[   11.048904] cloud-init[656]: ci-info: +--------+-------+---------------------------+---------------+--------+-------------------+
[   11.052778] cloud-init[656]: ci-info: | enp0s3 |  True |         10.0.2.15         | 255.255.255.0 | global | 02:0c:5d:76:46:7f |
[   11.059865] cloud-init[656]: ci-info: | enp0s3 |  True | fe80::c:5dff:fe76:467f/64 |       .       |  link  | 02:0c:5d:76:46:7f |
[   11.063978] cloud-init[656]: ci-info: | enp0s8 | False |             .             |       .       |   .    | 08:00:27:e4:93:54 |
[   11.065959] cloud-init[656]: ci-info: |   lo   |  True |         127.0.0.1         |   255.0.0.0   |  host  |         .         |
[   11.067737] cloud-init[656]: ci-info: |   lo   |  True |          ::1/128          |       .       |  host  |         .         |
[   11.071726] cloud-init[656]: ci-info: +--------+-------+---------------------------+---------------+--------+-------------------+
[   11.076787] cloud-init[656]: ci-info: ++++++++++++++++++++++++++++Route IPv4 info+++++++++++++++++++++++++++++
[   11.079445] cloud-init[656]: ci-info: +-------+-------------+----------+-----------------+-----------+-------+
[   11.086433] cloud-init[656]: ci-info: | Route | Destination | Gateway  |     Genmask     | Interface | Flags |
[   11.088553] cloud-init[656]: ci-info: +-------+-------------+----------+-----------------+-----------+-------+
[   11.093917] cloud-init[656]: ci-info: |   0   |   0.0.0.0   | 10.0.2.2 |     0.0.0.0     |   enp0s3  |   UG  |
[   11.096293] cloud-init[656]: ci-info: |   1   |   10.0.2.0  | 0.0.0.0  |  255.255.255.0  |   enp0s3  |   U   |
[   11.097955] cloud-init[656]: ci-info: |   2   |   10.0.2.2  | 0.0.0.0  | 255.255.255.255 |   enp0s3  |   UH  |
[   11.103984] cloud-init[656]: ci-info: +-------+-------------+----------+-----------------+-----------+-------+
[   11.105468] cloud-init[656]: ci-info: +++++++++++++++++++Route IPv6 info+++++++++++++++++++
[   11.106623] cloud-init[656]: ci-info: +-------+-------------+---------+-----------+-------+
[   11.113649] cloud-init[656]: ci-info: | Route | Destination | Gateway | Interface | Flags |
[   11.115050] cloud-init[656]: ci-info: +-------+-------------+---------+-----------+-------+
[   11.117146] cloud-init[656]: ci-info: |   1   |  fe80::/64  |    ::   |   enp0s3  |   U   |
[   11.119670] cloud-init[656]: ci-info: |   3   |    local    |    ::   |   enp0s3  |   U   |
[   11.125580] cloud-init[656]: ci-info: |   4   |   ff00::/8  |    ::   |   enp0s3  |   U   |
[   11.128901] cloud-init[656]: ci-info: +-------+-------------+---------+-----------+-------+
[   11.736449] cloud-init[656]: Generating public/private rsa key pair.
[   11.738663] cloud-init[656]: Your identification has been saved in /etc/ssh/ssh_host_rsa_key.
[   11.744995] cloud-init[656]: Your public key has been saved in /etc/ssh/ssh_host_rsa_key.pub.
[   11.764368] cloud-init[656]: The key fingerprint is:
[   11.765600] cloud-init[656]: SHA256:q9r2I6Xn4KyQGux1kPd+TbLCpbYHCrKJ0D1cz9LF7Jg root@ubuntu-bionic
[   11.767930] cloud-init[656]: The key's randomart image is:
[   11.803101] cloud-init[656]: +---[RSA 2048]----+
[   11.805256] cloud-init[656]: |                 |
[   11.823899] cloud-init[656]: |                 |
[   11.826021] cloud-init[656]: |         o       |
[   11.828046] cloud-init[656]: |    . .   +      |
[   11.830083] cloud-init[656]: | . = o +S=       |
[   11.832004] cloud-init[656]: |o..o* o.E+..     |
[   11.833965] cloud-init[656]: |+.*..o+== =      |
[   11.835726] cloud-init[656]: |o=...==Bo+ .     |
[   11.837064] cloud-init[656]: |..  o+*BB.       |
[   11.838156] cloud-init[656]: +----[SHA256]-----+
[   11.856400] cloud-init[656]: Generating public/private dsa key pair.
[   11.858868] cloud-init[656]: Your identification has been saved in /etc/ssh/ssh_host_dsa_key.
[   11.861994] cloud-init[656]: Your public key has been saved in /etc/ssh/ssh_host_dsa_key.pub.
[   11.864715] cloud-init[656]: The key fingerprint is:
[   11.866670] cloud-init[656]: SHA256:5X3uucZa5yxTxFfrWS0ouL+J0Z2j83B7XBJiKBylx0s root@ubuntu-bionic
[   11.869669] cloud-init[656]: The key's randomart image is:
[   11.871884] cloud-init[656]: +---[DSA 1024]----+
[   11.887190] cloud-init[656]: |         ..      |
[   11.888007] cloud-init[656]: |        .o      .|
[   11.889046] cloud-init[656]: |       ..oE. . .+|
[   11.889806] cloud-init[656]: |        +=oo+ o.*|
[   11.890564] cloud-init[656]: |        Sooo..o++|
[   11.891302] cloud-init[656]: |        .. . +.oo|
[   11.892213] cloud-init[656]: |        ..o =oo+.|
[   11.893588] cloud-init[656]: |         oo= =B= |
[   11.894873] cloud-init[656]: |        . ++++++o|
[   11.896540] cloud-init[656]: +----[SHA256]-----+
[[0;32m  OK  [0m] Started Initial cloud-init job (metadata service crawler).
[[0;32m  OK  [0m] Reached target Network is Online.
[   11.901848] [[0;32m  OK  [0m] Reached target Remote File Systems (Pre).
[[0;32m  OK  [0mcloud-init[656]: Generating public/private ecdsa key pair.
[   11.910590] cloud-init[656]: Your identification has been saved in /etc/ssh/ssh_host_ecdsa_key.
] Reached target Remote File Systems.
         Starting Availability of block devices...
[[0;32m  OK  [0m] Reached target Cloud-config availability.
[   11.925852] cloud-init[656]: Your public key has been saved in /etc/ssh/ssh_host_ecdsa_key.pub.[[0;32m  OK  [0m] Reached target System Initialization.
[[0;32m  OK  [0m] Listening on Open-iSCSI iscsid Socket.
[[0;32m  OK  [0m] Started Daily Cleanup of Temporary Directories.
         Starting Socket activation for snappy daemon.
[[0;32m  OK  [0m
[   11.940988] cloud-init[656]: The key fingerprint is:
[   11.942222] cloud-init[656]: SHA256:vaarFTwXWXCWWEg9K/qdFCbz7TwtIpnfmYv0VtzJ+fQ root@ubuntu-bionic] Listening on UUID daemon activation socket.
         Starting LXD - unix socket.
[[0;32m  OK  [0m] Listening on ACPID Listen Socket.
[[0;32m  OK  [0m] Listening on cloud-init hotplug hook socket.
[[0;32m  OK  [0m] Started Discard unused blocks once a week.
[[0;32m  OK  [0m] Started Ubuntu Advantage Timer for running repeated jobs.
[   11.962211] cloud-init[656]: The key's randomart image is:
[   11.963936] 
[[0;32m  OK  [0m] Started ACPI Events Check.
cloud-init[656]: +---[ECDSA 256]---+
[[0;32m  OK  [0m] Started Daily apt download activities.
[[0;32m  OK  [0m] Started Daily apt upgrade and clean activities.
[[0;32m  OK  [0m] Listening on D-Bus System Message Bus Socket.[   11.972507] cloud-init[656]: |         .o*=.   |
[   11.987346] cloud-init[656]: |          o=+    |
[   11.987835] cloud-init[656]: |          o  o   |

[[0;32m  OK  [0m] Reached target Paths.
[[0;32m  OK  [0m] Started Message of the Day.
[[0;32m  OK  [0m] Reached target Timers.
[   11.996383] cloud-init[[0;32m  OK  [0m] Started Availability of block devices.
[[0;32m  OK  [0m] Listening on Socket activation for snappy daemon.
[[0;32m  OK  [0m[656]: |       . .+.+    |
[   12.021846] cloud-init[656]: |        S.o* o..+|
[   12.022212] cloud-init[656]: |        .+ .o .+=|
[   12.022285] cloud-init[656]: |        ..o=.+ +o|
[   12.022708] cloud-init[656]: |       . o=.++*oE|
[   12.022783] cloud-init[656]: |      ..o. ooo*+ |
] Listening on LXD - unix socket.
[[0;32m  OK  [0m] Reached target Sockets.
[[0;32m  OK  [0m] Reached target Basic System.
[   12.032138] cloud-init[656]: +----[SHA256]-----+
[   12.050948] cloud-init[656]: Generating public/private ed25519 key pair.
[[0;32m  OK  [0m] Started irqbalance daemon.
[   12.062973]          Starting LXD - container startup/shutdown...
[[0;32m  OK  [0m] Reached target Login Prompts (Pre).
cloud-init[656]: Your identification has been saved in /etc/ssh/ssh_host_ed25519_key.
[[0;32m  OK  [0m] Started D-Bus System Message Bus.
[   12.091258] cloud-init[656]: Your public key has been saved in /etc/ssh/ssh_host_ed25519_key.pub.
[   12.102036] cloud-init[656]: The key fingerprint is:
[   12.107614] cloud-init[656]: SHA256:tM6lttcKfz6xXO7KaJ3P+3e4kcivDJxNELyAogmsDgY root@ubuntu-bionic
[   12.130368] cloud-init[656]: The key's randomart image is:
[   12.131387] cloud-init[656]: +--[ED25519 256]--+
[   12.133015] cloud-init[656]: |.      . ..      |
[   12.134206] cloud-init[656]: |E.  . . . ..     |
[   12.137285] cloud-init[656]: |o. o .  ....     |
[   12.140627] cloud-init[656]: |o.o    . ...     |
[   12.143818] cloud-init[656]: |+       S . .    |
[   12.152514] cloud-init[656]: | .     o + =.... |
[   12.155913] cloud-init[656]: |        * +++*o. |
[   12.160553] cloud-init[656]: |       . +o=Ooo.o|
[   12.168953] cloud-init[656]: |        .o++**B++|
[   12.176354] cloud-init[656]: +----[SHA256]-----+
         Starting Accounts Service...
         Starting LSB: automatic crash report generation...
         Starting Dispatcher daemon for systemd-networkd...
         Starting LSB: Record successful boot for GRUB...
[[0;32m  OK  [0m] Started Deferred execution scheduler.
         Starting Virtualbox guest utils...
         Starting Pollinate to seed the pseudo random number generator...
         Starting Permit User Sessions...
[[0;32m  OK  [0m] Started Regular background program processing daemon.
         Starting System Logging Service...
[[0;32m  OK  [0m] Started FUSE filesystem for LXC.
         Starting Login Service...
         Starting Snap Daemon...
[[0;32m  OK  [0m] Started System Logging Service.
[[0;32m  OK  [0m] Started LXD - container startup/shutdown.
[[0;32m  OK  [0m] Started Permit User Sessions.
         Starting Authorization Manager...
         Starting Terminate Plymouth Boot Screen...
         Starting Hold until boot process finishes up...
[[0;32m  OK  [0m] Started Hold until boot process finishes up.
         Starting Set console scheme...
[[0;32m  OK  [0m] Started Serial Getty on ttyS0.
[[0;32m  OK  [0m] Started Terminate Plymouth Boot Screen.
[[0;32m  OK  [0m] Started Login Service.
[[0;32m  OK  [0m] Started Unattended Upgrades Shutdown.
[[0;32m  OK  [0m] Started Set console scheme.
[[0;32m  OK  [0m] Created slice system-getty.slice.
[[0;32m  OK  [0m] Started Getty on tty1.
[[0;32m  OK  [0m] Reached target Login Prompts.
[[0;32m  OK  [0m] Started LSB: automatic crash report generation.
[[0;32m  OK  [0m] Started LSB: Record successful boot for GRUB.
[[0;32m  OK  [0m] Started Authorization Manager.
[[0;32m  OK  [0m] Started Accounts Service.
[[0;32m  OK  [0m] Started Virtualbox guest utils.
[[0;32m  OK  [0m] Started Dispatcher daemon for systemd-networkd.
[[0;32m  OK  [0m] Started Snap Daemon.
         Starting Wait until snapd is fully seeded...
[[0;32m  OK  [0m] Started Pollinate to seed the pseudo random number generator.
         Starting OpenBSD Secure Shell server...
[[0;32m  OK  [0m] Started OpenBSD Secure Shell server.
         Starting Time & Date Service...
[[0;32m  OK  [0m] Started Time & Date Service.
[[0;32m  OK  [0m] Created slice User Slice of vagrant.
         Starting User Manager for UID 1000...
[[0;32m  OK  [0m] Started Session 1 of user vagrant.
[[0;32m  OK  [0m] Started User Manager for UID 1000.
[[0;32m  OK  [0m] Started Wait until snapd is fully seeded.
         Starting Apply the settings specified in cloud-config...

Ubuntu 18.04.6 LTS ubuntu-bionic ttyS0

ubuntu-bionic login: [   19.904902] cloud-init[1107]: Cloud-init v. 22.4.2-0ubuntu0~18.04.1 running 'modules:config' at Mon, 30 Jan 2023 05:22:50 +0000. Up 18.81 seconds.
ci-info: no authorized SSH keys fingerprints found for user ubuntu.
<14>Jan 30 05:22:52 cloud-init: #############################################################
<14>Jan 30 05:22:52 cloud-init: -----BEGIN SSH HOST KEY FINGERPRINTS-----
<14>Jan 30 05:22:52 cloud-init: 1024 SHA256:5X3uucZa5yxTxFfrWS0ouL+J0Z2j83B7XBJiKBylx0s root@ubuntu-bionic (DSA)
<14>Jan 30 05:22:52 cloud-init: 256 SHA256:vaarFTwXWXCWWEg9K/qdFCbz7TwtIpnfmYv0VtzJ+fQ root@ubuntu-bionic (ECDSA)
<14>Jan 30 05:22:52 cloud-init: 256 SHA256:tM6lttcKfz6xXO7KaJ3P+3e4kcivDJxNELyAogmsDgY root@ubuntu-bionic (ED25519)
<14>Jan 30 05:22:52 cloud-init: 2048 SHA256:q9r2I6Xn4KyQGux1kPd+TbLCpbYHCrKJ0D1cz9LF7Jg root@ubuntu-bionic (RSA)
<14>Jan 30 05:22:52 cloud-init: -----END SSH HOST KEY FINGERPRINTS-----
<14>Jan 30 05:22:52 cloud-init: #############################################################
-----BEGIN SSH HOST KEY KEYS-----
ecdsa-sha2-nistp256 AAAAE2VjZHNhLXNoYTItbmlzdHAyNTYAAAAIbmlzdHAyNTYAAABBBMQG1Fdt7wDLhu3Js+AmFH7srgLTX35HqOO7cqxOzr+KxaIRBBZhHehDi8uKLrheTGrTMPh1c8PeU7HQwd7iiFA= root@ubuntu-bionic
ssh-ed25519 AAAAC3NzaC1lZDI1NTE5AAAAIJ1eTDe6onZ5h4mPmXv3UbIzI811WShT1Bs8TSob+xCu root@ubuntu-bionic
ssh-rsa AAAAB3NzaC1yc2EAAAADAQABAAABAQDAVQVyQUoPXpXmf4Ok1dPp2d29KaO3DaN+JHag6e/Az3vz/X2Dp38mwP9qWDiVloqNKANTHKmII9e4iGYxHENJZsbNYNEuizvby5OnY/oooBGpsLnHRkmf7vFYEEfnkTsLgPaF1Cj5agvgCfhrCLq0KHyEJ9WTbxFeWwYrCa7PWeFUVvwryy/ES+2ZcXiN1EBpo9kNNLj02LI/eGs/stKIjGJ2dQclybqWO7EluIa+WWpmzYuRG7CtiilmGVYA6zqzJmGGqTLuHdbmNnpyQetZpi/OBnVwHEiMumDP64wnol8piT+IE7eYF4wulq0Kvw9CxA+5eWQ5FklDiXIvs8yP root@ubuntu-bionic
-----END SSH HOST KEY KEYS-----
[   20.833761] cloud-init[1229]: Cloud-init v. 22.4.2-0ubuntu0~18.04.1 running 'modules:final' at Mon, 30 Jan 2023 05:22:52 +0000. Up 20.52 seconds.
[   20.835726] cloud-init[1229]: Cloud-init v. 22.4.2-0ubuntu0~18.04.1 finished at Mon, 30 Jan 2023 05:22:52 +0000. Datasource DataSourceNoCloud [seed=/dev/sdb][dsmode=net].  Up 20.82 seconds
